// Jest Snapshot v1, https://goo.gl/fbAQLP

exports[`ConnectionGrid should render 1`] = `
Array [
  <header
    className="sc-cSHVUG hQujCk"
  >
    <div
      className="sc-kAzzGY gikFWy"
    >
      others
    </div>
    <div
      className="sc-eHgmQL iKZfMK"
    >
      akeneo_connectivity.connection.connection_count?count=0
    </div>
  </header>,
  <div
    className="sc-cvbbAY bUumeS"
  />,
]
`;
