// Jest Snapshot v1, https://goo.gl/fbAQLP

exports[`App should render 1`] = `
<div
  className="sc-bwzfXH ivdGIV"
  onClick={[Function]}
>
  <div
    className="sc-bxivhb gNwQRU"
  >
    <img
      alt="Google Shopping"
      className="sc-htpNat fWxVNi"
      src="test-file-stub"
    />
  </div>
  <div
    className="sc-ifAKCX bcBuic"
    title="Google Shopping"
  >
    Google Shopping
  </div>
</div>
`;
