// Jest Snapshot v1, https://goo.gl/fbAQLP

exports[`AppGrid should render 1`] = `
Array [
  <header
    className="sc-dnqmqq cVYhOi"
  >
    <div
      className="sc-iwsKbI izxWnz"
    >
      others
    </div>
    <div
      className="sc-ckVGcZ flQNRD"
    >
      pim_apps.app_count
    </div>
  </header>,
  <div
    className="sc-jKJlTe kwaMNT"
  />,
]
`;
