// Jest Snapshot v1, https://goo.gl/fbAQLP

exports[`AppGrid should render 1`] = `
Array [
  <header
    className="sc-dnqmqq fVUGZd"
  >
    <div
      className="sc-iwsKbI dtVYUJ"
    >
      others
    </div>
    <div
      className="sc-jTzLTM jSKBGT"
    >
      pim_apps.app_count
    </div>
  </header>,
  <div
    className="sc-fjdhpX bETyuy"
  />,
]
`;
