// Jest Snapshot v1, https://goo.gl/fbAQLP

exports[`Figure should render 1`] = `
<div
  className="sc-htpNat cJouWi"
>
  <div
    className="sc-EHOje ePjyrR"
  >
    <div
      className="sc-bxivhb cIYLov"
    >
      <img
        className="sc-ifAKCX cnjDHs"
      />
    </div>
  </div>
  <div
    className="sc-bZQynM ckdTkM"
  />
</div>
`;
