// Jest Snapshot v1, https://goo.gl/fbAQLP

exports[`PageHeader should render 1`] = `
<header
  className="sc-jzJRlG dsEWNY"
>
  <div
    className="AknTitleContainer-line"
  >
    <div
      className="AknTitleContainer-mainContainer"
    >
      <div>
        <div
          className="AknTitleContainer-line"
        >
          <div
            className="AknTitleContainer-breadcrumbs"
          >
            breadcrumb
          </div>
          <div
            className="AknTitleContainer-buttonsContainer"
          >
            user buttons
            <div
              className="AknTitleContainer-actionsContainer AknButtonList"
            >
              button 1
              button 2
            </div>
          </div>
        </div>
        <div
          className="AknTitleContainer-line"
        >
          <div
            className="AknTitleContainer-title"
          >
            title
          </div>
          <div
            className="AknTitleContainer-state"
          />
        </div>
      </div>
    </div>
  </div>
</header>
`;
