// Jest Snapshot v1, https://goo.gl/fbAQLP

exports[`PageError should render 1`] = `
<div
  className="sc-iwsKbI ePPZGf"
>
  <img
    className="sc-gZMcBi czefaD"
    src="test-file-stub"
  />
  <div
    className="sc-gqjmRU fFyMPn"
  >
    title
  </div>
  <div
    className="sc-VigVT jnUfmZ"
  >
    content
  </div>
</div>
`;
