// Jest Snapshot v1, https://goo.gl/fbAQLP

exports[`Helper should render 1`] = `
<div
  className="AknDescriptionHeader"
>
  <div
    className="AknDescriptionHeader-icon"
    style={
      Object {
        "backgroundImage": "url('test-file-stub')",
      }
    }
  />
  <div
    className="AknDescriptionHeader-title"
  >
    <div
      className="AknDescriptionHeader-description"
    >
      content
      <a
        className="AknDescriptionHeader-link"
      />
    </div>
  </div>
</div>
`;
