// Jest Snapshot v1, https://goo.gl/fbAQLP

exports[`Header component Matches the snapshot 1`] = `
<header
  className="AknTitleContainer"
>
  <div
    className="AknTitleContainer-line"
  >
    <div
      className="AknTitleContainer-mainContainer"
    >
      <div
        className="AknTitleContainer-line"
      >
        <div
          className="AknTitleContainer-breadcrumbs"
        />
        <div
          className="AknTitleContainer-buttonsContainer"
        />
      </div>
      <div
        className="AknTitleContainer-line"
      >
        <div
          className="AknTitleContainer-title"
        />
        <div
          className="AknTitleContainer-state"
        />
      </div>
      <div
        className="AknTitleContainer-line"
      >
        <div
          className="AknTitleContainer-context AknButtonList"
        />
      </div>
      <div
        className="AknTitleContainer-line"
      >
        <div
          className="AknTitleContainer-meta AknButtonList"
        />
      </div>
    </div>
  </div>
  <div
    className="AknTitleContainer-line"
  >
    <div
      className="AknTitleContainer-navigation"
    />
  </div>
  <div
    className="AknTitleContainer-line"
  >
    <div
      className="AknTitleContainer-search"
    />
  </div>
</header>
`;
