// Jest Snapshot v1, https://goo.gl/fbAQLP

exports[`Button component Matches the snapshot 1`] = `
<div
  className="AknBreadcrumb"
>
  <span
    className="AknBreadcrumb-item AknBreadcrumb-item--routable"
    onClick={[Function]}
  >
    Is clickable
  </span>
  <span
    className="AknBreadcrumb-item"
  >
    Is just a label
  </span>
  <span
    className="AknBreadcrumb-item AknBreadcrumb-item--final AknBreadcrumb-item--routable"
    onClick={[Function]}
  >
    Is clickable and the last item
  </span>
</div>
`;
