// Jest Snapshot v1, https://goo.gl/fbAQLP

exports[`Connection should render 1`] = `
<div
  className="sc-htpNat cJouWi"
  onClick={[Function]}
>
  <div
    className="sc-EHOje ePjyrR"
  >
    <div
      className="sc-bxivhb cIYLov"
    >
      <img
        alt="Google Shopping"
        className="sc-ifAKCX cnjDHs AknImage-display"
        src="pim_enrich_media_show?filename=a%252Fb%252Fc%252Fpath.jpg&filter=thumbnail"
      />
    </div>
  </div>
  <div
    className="sc-bZQynM ckdTkM"
    title="Google Shopping"
  >
    Google Shopping
  </div>
</div>
`;
