// Jest Snapshot v1, https://goo.gl/fbAQLP

exports[`NoConnection should render 1`] = `
<div
  className="sc-gqjmRU kGBCDq"
>
  <img
    className="sc-VigVT KRUGa"
    src="test-file-stub"
  />
  <div
    className="sc-jTzLTM blxAcO"
  >
    akeneo_connectivity.connection.no_connection.title
  </div>
  <div
    className="sc-fjdhpX kasnXz"
  >
    akeneo_connectivity.connection.no_connection.message
     
    <a
      className="sc-eHgmQL cBigQk"
      onClick={[Function]}
    >
      akeneo_connectivity.connection.no_connection.message_link
    </a>
  </div>
</div>
`;
